// Jest Snapshot v1, https://goo.gl/fbAQLP

exports[`Pruebas en el componente <AddCategory/> Debe mostrarse correctamente 1`] = `
<Fragment>
  <form
    onSubmit={[Function]}
  >
    <div
      className="row g-3"
    >
      <div
        className="col-md-8"
      >
        <div
          className="input-group mb-3"
        >
          <label
            className="input-group-text"
          >
            Buscar
          </label>
          <input
            className="form-control"
            id="txtBuscar"
            onChange={[Function]}
            placeholder="ingrese para buscar..."
            required={true}
            type="text"
            value=""
          />
          <label
            className="input-group-text"
          >
            Limite
          </label>
          <input
            className="form-control cantidad"
            id="txtCantidad"
            onChange={[Function]}
            type="number"
            value={10}
          />
          <button
            className="btn btn-primary"
            type="submit"
          >
            Buscar
          </button>
        </div>
      </div>
      <div
        className="col-md-4"
      >
        <button
          className="btn btn-danger"
          onClick={[Function]}
        >
          Limpiar
        </button>
      </div>
    </div>
  </form>
</Fragment>
`;
